// Vitest Snapshot v1, https://vitest.dev/guide/snapshot.html

exports[`renders correctly 1`] = `
<div>
  <div
    class="MuiBox-root css-i9gxme"
  />
  <div
    class="MuiFormControl-root MuiTextField-root css-1q1ral2-MuiFormControl-root-MuiTextField-root"
  >
    <label
      class="MuiFormLabel-root MuiInputLabel-root MuiInputLabel-formControl MuiInputLabel-animated MuiInputLabel-filled MuiFormLabel-colorPrimary MuiInputLabel-root MuiInputLabel-formControl MuiInputLabel-animated MuiInputLabel-filled css-e4w4as-MuiFormLabel-root-MuiInputLabel-root"
      data-shrink="false"
      for=":r0:"
      id=":r0:-label"
    >
      Pod Server URL
    </label>
    <div
      aria-label="OIDC Input Field"
      class="MuiInputBase-root MuiFilledInput-root MuiInputBase-colorPrimary MuiInputBase-formControl css-1pw81iq-MuiInputBase-root-MuiFilledInput-root"
    >
      <input
        aria-invalid="false"
        class="MuiInputBase-input MuiFilledInput-input css-10botns-MuiInputBase-input-MuiFilledInput-input"
        id=":r0:"
        type="text"
        value="https://www.testurl.com/"
      />
    </div>
  </div>
  <div
    class="MuiBox-root css-120gsus"
  />
  <div>
    https://www.testurl.com/
    <button
      aria-label="Login Button"
      class="MuiButtonBase-root MuiButton-root MuiButton-contained MuiButton-containedSecondary MuiButton-sizeLarge MuiButton-containedSizeLarge MuiButton-root MuiButton-contained MuiButton-containedSecondary MuiButton-sizeLarge MuiButton-containedSizeLarge css-1xnmwiw-MuiButtonBase-root-MuiButton-root"
      tabindex="0"
      type="submit"
    >
      Login
      <span
        class="MuiTouchRipple-root css-8je8zh-MuiTouchRipple-root"
      />
    </button>
  </div>
</div>
`;

exports[`sets OIDC provider on login 1`] = `
<div>
  <div
    class="MuiBox-root css-i9gxme"
  />
  <div
    class="MuiFormControl-root MuiTextField-root css-1q1ral2-MuiFormControl-root-MuiTextField-root"
  >
    <label
      class="MuiFormLabel-root MuiInputLabel-root MuiInputLabel-formControl MuiInputLabel-animated MuiInputLabel-shrink MuiInputLabel-filled MuiFormLabel-colorPrimary MuiFormLabel-filled MuiInputLabel-root MuiInputLabel-formControl MuiInputLabel-animated MuiInputLabel-shrink MuiInputLabel-filled css-o943dk-MuiFormLabel-root-MuiInputLabel-root"
      data-shrink="true"
      for=":r1:"
      id=":r1:-label"
    >
      Pod Server URL
    </label>
    <div
      aria-label="OIDC Input Field"
      class="MuiInputBase-root MuiFilledInput-root MuiInputBase-colorPrimary MuiInputBase-formControl css-1pw81iq-MuiInputBase-root-MuiFilledInput-root"
    >
      <input
        aria-invalid="false"
        class="MuiInputBase-input MuiFilledInput-input css-10botns-MuiInputBase-input-MuiFilledInput-input"
        id=":r1:"
        type="text"
        value="oidc.provider.url"
      />
    </div>
  </div>
  <div
    class="MuiBox-root css-120gsus"
  />
  <div>
    oidc.provider.url
    <button
      aria-label="Login Button"
      class="MuiButtonBase-root MuiButton-root MuiButton-contained MuiButton-containedSecondary MuiButton-sizeLarge MuiButton-containedSizeLarge MuiButton-root MuiButton-contained MuiButton-containedSecondary MuiButton-sizeLarge MuiButton-containedSizeLarge css-1xnmwiw-MuiButtonBase-root-MuiButton-root"
      tabindex="0"
      type="submit"
    >
      Login
      <span
        class="MuiTouchRipple-root css-8je8zh-MuiTouchRipple-root"
      >
        <span
          class="css-y4cjyz-MuiTouchRipple-ripple MuiTouchRipple-ripple MuiTouchRipple-rippleVisible"
          style="width: 2.8284271247461903px; height: 2.8284271247461903px; top: -1.4142135623730951px; left: -1.4142135623730951px;"
        >
          <span
            class="MuiTouchRipple-child MuiTouchRipple-childLeaving"
          />
        </span>
      </span>
    </button>
  </div>
</div>
`;
